// Jest Snapshot v1, https://goo.gl/fbAQLP

exports[`Tests in <FirstApp/> should make match with snapshot 1`] = `
<div>
  <h1>
    Hello, I'm Sebastian
  </h1>
  <p>
    123
  </p>
  <p>
    Sebastian Gomez
  </p>
</div>
`;
